[    0.000000] Linux version 4.15.0-143-generic (buildd@lcy01-amd64-001) (gcc version 7.5.0 (Ubuntu 7.5.0-3ubuntu1~18.04)) #147-Ubuntu SMP Wed Apr 14 16:10:11 UTC 2021 (Ubuntu 4.15.0-143.147-generic 4.15.18)
[    0.000000] Command line: BOOT_IMAGE=/boot/vmlinuz-4.15.0-143-generic root=LABEL=cloudimg-rootfs ro console=tty1 console=ttyS0
[    0.000000] KERNEL supported cpus:
[    0.000000]   Intel GenuineIntel
[    0.000000]   AMD AuthenticAMD
[    0.000000]   Centaur CentaurHauls
[    0.000000] x86/fpu: Supporting XSAVE feature 0x001: 'x87 floating point registers'
[    0.000000] x86/fpu: Supporting XSAVE feature 0x002: 'SSE registers'
[    0.000000] x86/fpu: Supporting XSAVE feature 0x004: 'AVX registers'
[    0.000000] x86/fpu: xstate_offset[2]:  576, xstate_sizes[2]:  256
[    0.000000] x86/fpu: Enabled xstate features 0x7, context size is 832 bytes, using 'standard' format.
[    0.000000] e820: BIOS-provided physical RAM map:
[    0.000000] BIOS-e820: [mem 0x0000000000000000-0x000000000009fbff] usable
[    0.000000] BIOS-e820: [mem 0x000000000009fc00-0x000000000009ffff] reserved
[    0.000000] BIOS-e820: [mem 0x00000000000f0000-0x00000000000fffff] reserved
[    0.000000] BIOS-e820: [mem 0x0000000000100000-0x000000003ffeffff] usable
[    0.000000] BIOS-e820: [mem 0x000000003fff0000-0x000000003fffffff] ACPI data
[    0.000000] BIOS-e820: [mem 0x00000000fec00000-0x00000000fec00fff] reserved
[    0.000000] BIOS-e820: [mem 0x00000000fee00000-0x00000000fee00fff] reserved
[    0.000000] BIOS-e820: [mem 0x00000000fffc0000-0x00000000ffffffff] reserved
[    0.000000] NX (Execute Disable) protection: active
[    0.000000] SMBIOS 2.5 present.
[    0.000000] DMI: innotek GmbH VirtualBox/VirtualBox, BIOS VirtualBox 12/01/2006
[    0.000000] Hypervisor detected: KVM
[    0.000000] e820: last_pfn = 0x3fff0 max_arch_pfn = 0x400000000
[    0.000000] MTRR: Disabled
[    0.000000] x86/PAT: MTRRs disabled, skipping PAT initialization too.
[    0.000000] CPU MTRRs all blank - virtualized system.
[    0.000000] x86/PAT: Configuration [0-7]: WB  WT  UC- UC  WB  WT  UC- UC  
[    0.000000] found SMP MP-table at [mem 0x0009fff0-0x0009ffff]
[    0.000000] Scanning 1 areas for low memory corruption
[    0.000000] RAMDISK: [mem 0x359d1000-0x36cdffff]
[    0.000000] ACPI: Early table checksum verification disabled
[    0.000000] ACPI: RSDP 0x00000000000E0000 000024 (v02 VBOX  )
[    0.000000] ACPI: XSDT 0x000000003FFF0030 00003C (v01 VBOX   VBOXXSDT 00000001 ASL  00000061)
[    0.000000] ACPI: FACP 0x000000003FFF00F0 0000F4 (v04 VBOX   VBOXFACP 00000001 ASL  00000061)
[    0.000000] ACPI: DSDT 0x000000003FFF0470 002325 (v02 VBOX   VBOXBIOS 00000002 INTL 20100528)
[    0.000000] ACPI: FACS 0x000000003FFF0200 000040
[    0.000000] ACPI: FACS 0x000000003FFF0200 000040
[    0.000000] ACPI: APIC 0x000000003FFF0240 00005C (v02 VBOX   VBOXAPIC 00000001 ASL  00000061)
[    0.000000] ACPI: SSDT 0x000000003FFF02A0 0001CC (v01 VBOX   VBOXCPUT 00000002 INTL 20100528)
[    0.000000] No NUMA configuration found
[    0.000000] Faking a node at [mem 0x0000000000000000-0x000000003ffeffff]
[    0.000000] NODE_DATA(0) allocated [mem 0x3ffc5000-0x3ffeffff]
[    0.000000] kvm-clock: cpu 0, msr 0:3ff44001, primary cpu clock
[    0.000000] kvm-clock: Using msrs 4b564d01 and 4b564d00
[    0.000000] kvm-clock: using sched offset of 4634754532 cycles
[    0.000000] clocksource: kvm-clock: mask: 0xffffffffffffffff max_cycles: 0x1cd42e4dffb, max_idle_ns: 881590591483 ns
[    0.000000] Zone ranges:
[    0.000000]   DMA      [mem 0x0000000000001000-0x0000000000ffffff]
[    0.000000]   DMA32    [mem 0x0000000001000000-0x000000003ffeffff]
[    0.000000]   Normal   empty
[    0.000000]   Device   empty
[    0.000000] Movable zone start for each node
[    0.000000] Early memory node ranges
[    0.000000]   node   0: [mem 0x0000000000001000-0x000000000009efff]
[    0.000000]   node   0: [mem 0x0000000000100000-0x000000003ffeffff]
[    0.000000] Reserved but unavailable: 98 pages
[    0.000000] Initmem setup node 0 [mem 0x0000000000001000-0x000000003ffeffff]
[    0.000000] ACPI: PM-Timer IO Port: 0x4008
[    0.000000] IOAPIC[0]: apic_id 2, version 32, address 0xfec00000, GSI 0-23
[    0.000000] ACPI: INT_SRC_OVR (bus 0 bus_irq 0 global_irq 2 dfl dfl)
[    0.000000] ACPI: INT_SRC_OVR (bus 0 bus_irq 9 global_irq 9 low level)
[    0.000000] Using ACPI (MADT) for SMP configuration information
[    0.000000] smpboot: Allowing 2 CPUs, 0 hotplug CPUs
[    0.000000] PM: Registered nosave memory: [mem 0x00000000-0x00000fff]
[    0.000000] PM: Registered nosave memory: [mem 0x0009f000-0x0009ffff]
[    0.000000] PM: Registered nosave memory: [mem 0x000a0000-0x000effff]
[    0.000000] PM: Registered nosave memory: [mem 0x000f0000-0x000fffff]
[    0.000000] e820: [mem 0x40000000-0xfebfffff] available for PCI devices
[    0.000000] Booting paravirtualized kernel on KVM
[    0.000000] clocksource: refined-jiffies: mask: 0xffffffff max_cycles: 0xffffffff, max_idle_ns: 7645519600211568 ns
[    0.000000] random: get_random_bytes called from start_kernel+0x99/0x500 with crng_init=0
[    0.000000] setup_percpu: NR_CPUS:8192 nr_cpumask_bits:2 nr_cpu_ids:2 nr_node_ids:1
[    0.000000] percpu: Embedded 45 pages/cpu s147456 r8192 d28672 u1048576
[    0.000000] PV qspinlock hash table entries: 256 (order: 0, 4096 bytes)
[    0.000000] Built 1 zonelists, mobility grouping on.  Total pages: 257913
[    0.000000] Policy zone: DMA32
[    0.000000] Kernel command line: BOOT_IMAGE=/boot/vmlinuz-4.15.0-143-generic root=LABEL=cloudimg-rootfs ro console=tty1 console=ttyS0
[    0.000000] Memory: 982724K/1048120K available (12300K kernel code, 2483K rwdata, 4316K rodata, 2444K init, 2724K bss, 65396K reserved, 0K cma-reserved)
[    0.000000] SLUB: HWalign=64, Order=0-3, MinObjects=0, CPUs=2, Nodes=1
[    0.000000] Kernel/User page tables isolation: enabled
[    0.000000] ftrace: allocating 39437 entries in 155 pages
[    0.004000] Hierarchical RCU implementation.
[    0.004000] 	RCU restricting CPUs from NR_CPUS=8192 to nr_cpu_ids=2.
[    0.004000] 	Tasks RCU enabled.
[    0.004000] RCU: Adjusting geometry for rcu_fanout_leaf=16, nr_cpu_ids=2
[    0.004000] NR_IRQS: 524544, nr_irqs: 440, preallocated irqs: 16
[    0.004000] Console: colour VGA+ 80x25
[    0.004000] console [tty1] enabled
[    0.004000] console [ttyS0] enabled
[    0.004000] ACPI: Core revision 20170831
[    0.004000] ACPI: 2 ACPI AML tables successfully acquired and loaded
[    0.004000] APIC: Switch to symmetric I/O mode setup
[    0.004000] x2apic enabled
[    0.004000] Switched APIC routing to physical x2apic.
[    0.006236] ..TIMER: vector=0x30 apic1=0 pin1=2 apic2=-1 pin2=-1
[    0.008002] tsc: Detected 2591.998 MHz processor
[    0.009408] Calibrating delay loop (skipped) preset value.. 5183.99 BogoMIPS (lpj=10367992)
[    0.012003] pid_max: default: 32768 minimum: 301
[    0.013357] Security Framework initialized
[    0.016002] Yama: becoming mindful.
[    0.017102] AppArmor: AppArmor initialized
[    0.024077] Dentry cache hash table entries: 131072 (order: 8, 1048576 bytes)
[    0.028111] Inode-cache hash table entries: 65536 (order: 7, 524288 bytes)
[    0.032034] Mount-cache hash table entries: 2048 (order: 2, 16384 bytes)
[    0.033575] Mountpoint-cache hash table entries: 2048 (order: 2, 16384 bytes)
[    0.036264] Last level iTLB entries: 4KB 64, 2MB 8, 4MB 8
[    0.037534] Last level dTLB entries: 4KB 64, 2MB 0, 4MB 0, 1GB 4
[    0.039056] Spectre V1 : Mitigation: usercopy/swapgs barriers and __user pointer sanitization
[    0.040014] Spectre V2 : Mitigation: Full generic retpoline
[    0.041819] Spectre V2 : Spectre v2 / SpectreRSB mitigation: Filling RSB on context switch
[    0.044006] Speculative Store Bypass: Vulnerable
[    0.045754] SRBDS: Unknown: Dependent on hypervisor status
[    0.048005] MDS: Mitigation: Clear CPU buffers
[    0.049707] Freeing SMP alternatives memory: 36K
[    0.164360] smpboot: CPU0: Intel(R) Core(TM) i7-6700HQ CPU @ 2.60GHz (family: 0x6, model: 0x5e, stepping: 0x3)
[    0.166732] Performance Events: unsupported p6 CPU model 94 no PMU driver, software events only.
[    0.168000] Hierarchical SRCU implementation.
[    0.168615] NMI watchdog: Perf event create on CPU 0 failed with -2
[    0.170311] NMI watchdog: Perf NMI watchdog permanently disabled
[    0.172049] smp: Bringing up secondary CPUs ...
[    0.173250] x86: Booting SMP configuration:
[    0.174197] .... node  #0, CPUs:      #1
[    0.004000] kvm-clock: cpu 1, msr 0:3ff44041, secondary cpu clock
[    0.179542] smp: Brought up 1 node, 2 CPUs
[    0.180004] smpboot: Max logical packages: 1
[    0.181024] smpboot: Total of 2 processors activated (10367.99 BogoMIPS)
[    0.182557] devtmpfs: initialized
[    0.184052] x86/mm: Memory block size: 128MB
[    0.185203] evm: security.selinux
[    0.186009] evm: security.SMACK64
[    0.186915] evm: security.SMACK64EXEC
[    0.188002] evm: security.SMACK64TRANSMUTE
[    0.188938] evm: security.SMACK64MMAP
[    0.189784] evm: security.apparmor
[    0.190637] evm: security.ima
[    0.192002] evm: security.capability
[    0.193171] clocksource: jiffies: mask: 0xffffffff max_cycles: 0xffffffff, max_idle_ns: 7645041785100000 ns
[    0.194242] futex hash table entries: 512 (order: 3, 32768 bytes)
[    0.200017] pinctrl core: initialized pinctrl subsystem
[    0.201379] RTC time: 19:43:04, date: 05/18/21
[    0.204237] NET: Registered protocol family 16
[    0.205576] audit: initializing netlink subsys (disabled)
[    0.206836] audit: type=2000 audit(1621366990.581:1): state=initialized audit_enabled=0 res=1
[    0.208017] cpuidle: using governor ladder
[    0.208959] cpuidle: using governor menu
[    0.210013] ACPI: bus type PCI registered
[    0.212003] acpiphp: ACPI Hot Plug PCI Controller Driver version: 0.5
[    0.213605] PCI: Using configuration type 1 for base access
[    0.216804] HugeTLB registered 2.00 MiB page size, pre-allocated 0 pages
[    0.217566] ACPI: Added _OSI(Module Device)
[    0.220003] ACPI: Added _OSI(Processor Device)
[    0.221112] ACPI: Added _OSI(3.0 _SCP Extensions)
[    0.222468] ACPI: Added _OSI(Processor Aggregator Device)
[    0.224002] ACPI: Added _OSI(Linux-Dell-Video)
[    0.224998] ACPI: Added _OSI(Linux-Lenovo-NV-HDMI-Audio)
[    0.226170] ACPI: Added _OSI(Linux-HPI-Hybrid-Graphics)
[    0.228310] ACPI: Executed 1 blocks of module-level executable AML code
[    0.234046] ACPI: Interpreter enabled
[    0.234994] ACPI: (supports S0 S5)
[    0.235794] ACPI: Using IOAPIC for interrupt routing
[    0.236267] PCI: Using host bridge windows from ACPI; if necessary, use "pci=nocrs" and report a bug
[    0.238960] ACPI: Enabled 2 GPEs in block 00 to 07
[    0.248865] ACPI: PCI Root Bridge [PCI0] (domain 0000 [bus 00-ff])
[    0.250289] acpi PNP0A03:00: _OSC: OS supports [ASPM ClockPM Segments MSI]
[    0.252402] acpi PNP0A03:00: _OSC: not requesting OS control; OS requires [ExtendedConfig ASPM ClockPM MSI]
[    0.254553] acpi PNP0A03:00: fail to add MMCONFIG information, can't access extended PCI configuration space under this bridge.
[    0.256455] PCI host bridge to bus 0000:00
[    0.257399] pci_bus 0000:00: root bus resource [io  0x0000-0x0cf7 window]
[    0.260002] pci_bus 0000:00: root bus resource [io  0x0d00-0xffff window]
[    0.261531] pci_bus 0000:00: root bus resource [mem 0x000a0000-0x000bffff window]
[    0.264002] pci_bus 0000:00: root bus resource [mem 0x40000000-0xfdffffff window]
[    0.265690] pci_bus 0000:00: root bus resource [bus 00-ff]
[    0.269623] pci 0000:00:01.1: legacy IDE quirk: reg 0x10: [io  0x01f0-0x01f7]
[    0.271277] pci 0000:00:01.1: legacy IDE quirk: reg 0x14: [io  0x03f6]
[    0.272004] pci 0000:00:01.1: legacy IDE quirk: reg 0x18: [io  0x0170-0x0177]
[    0.274600] pci 0000:00:01.1: legacy IDE quirk: reg 0x1c: [io  0x0376]
[    0.294370] pci 0000:00:07.0: quirk: [io  0x4000-0x403f] claimed by PIIX4 ACPI
[    0.296017] pci 0000:00:07.0: quirk: [io  0x4100-0x410f] claimed by PIIX4 SMB
[    0.303838] ACPI: PCI Interrupt Link [LNKA] (IRQs 5 9 10 *11)
[    0.304548] ACPI: PCI Interrupt Link [LNKB] (IRQs 5 9 *10 11)
[    0.306071] ACPI: PCI Interrupt Link [LNKC] (IRQs 5 *9 10 11)
[    0.308132] ACPI: PCI Interrupt Link [LNKD] (IRQs 5 9 10 *11)
[    0.309806] SCSI subsystem initialized
[    0.310717] pci 0000:00:02.0: vgaarb: setting as boot VGA device
[    0.310717] pci 0000:00:02.0: vgaarb: VGA device added: decodes=io+mem,owns=io+mem,locks=none
[    0.312008] pci 0000:00:02.0: vgaarb: bridge control possible
[    0.316005] vgaarb: loaded
[    0.316700] ACPI: bus type USB registered
[    0.317780] usbcore: registered new interface driver usbfs
[    0.320010] usbcore: registered new interface driver hub
[    0.321437] usbcore: registered new device driver usb
[    0.322584] EDAC MC: Ver: 3.0.0
[    0.324230] PCI: Using ACPI for IRQ routing
[    0.325301] NetLabel: Initializing
[    0.326158] NetLabel:  domain hash size = 128
[    0.327169] NetLabel:  protocols = UNLABELED CIPSOv4 CALIPSO
[    0.328028] NetLabel:  unlabeled traffic allowed by default
[    0.329300] clocksource: Switched to clocksource kvm-clock
[    0.374499] VFS: Disk quotas dquot_6.6.0
[    0.375561] VFS: Dquot-cache hash table entries: 512 (order 0, 4096 bytes)
[    0.377552] AppArmor: AppArmor Filesystem Enabled
[    0.378994] pnp: PnP ACPI init
[    0.381060] pnp: PnP ACPI: found 3 devices
[    0.390997] clocksource: acpi_pm: mask: 0xffffff max_cycles: 0xffffff, max_idle_ns: 2085701024 ns
[    0.393150] NET: Registered protocol family 2
[    0.394255] TCP established hash table entries: 8192 (order: 4, 65536 bytes)
[    0.395870] TCP bind hash table entries: 8192 (order: 5, 131072 bytes)
[    0.401336] TCP: Hash tables configured (established 8192 bind 8192)
[    0.416510] UDP hash table entries: 512 (order: 2, 16384 bytes)
[    0.417944] UDP-Lite hash table entries: 512 (order: 2, 16384 bytes)
[    0.419583] NET: Registered protocol family 1
[    0.420687] pci 0000:00:00.0: Limiting direct PCI/PCI transfers
[    0.422225] pci 0000:00:01.0: Activating ISA DMA hang workarounds
[    0.423658] pci 0000:00:02.0: Video device with shadowed ROM at [mem 0x000c0000-0x000dffff]
[    0.425869] Unpacking initramfs...
[    1.240305] Freeing initrd memory: 19516K
[    1.241548] clocksource: tsc: mask: 0xffffffffffffffff max_cycles: 0x255cb518234, max_idle_ns: 440795279333 ns
[    1.245072] platform rtc_cmos: registered platform RTC device (no PNP device found)
[    1.247194] Scanning for low memory corruption every 60 seconds
[    1.249677] Initialise system trusted keyrings
[    1.250912] Key type blacklist registered
[    1.252407] workingset: timestamp_bits=36 max_order=18 bucket_order=0
[    1.255787] zbud: loaded
[    1.257173] squashfs: version 4.0 (2009/01/31) Phillip Lougher
[    1.259175] fuse init (API version 7.26)
[    1.263742] Key type asymmetric registered
[    1.265178] Asymmetric key parser 'x509' registered
[    1.266571] Block layer SCSI generic (bsg) driver version 0.4 loaded (major 246)
[    1.269264] io scheduler noop registered
[    1.270309] io scheduler deadline registered
[    1.271612] io scheduler cfq registered (default)
[    1.273526] ACPI: AC Adapter [AC] (on-line)
[    1.274690] input: Power Button as /devices/LNXSYSTM:00/LNXPWRBN:00/input/input0
[    1.277302] ACPI: Power Button [PWRF]
[    1.278441] input: Sleep Button as /devices/LNXSYSTM:00/LNXSLPBN:00/input/input1
[    1.280137] ACPI: Sleep Button [SLPF]
[    1.282527] ACPI: Battery Slot [BAT0] (battery present)
[    1.284560] Serial: 8250/16550 driver, 32 ports, IRQ sharing enabled
[    1.307523] 00:02: ttyS0 at I/O 0x3f8 (irq = 4, base_baud = 115200) is a 16550A
[    1.313843] Linux agpgart interface v0.103
[    1.316481] loop: module loaded
[    1.318047] scsi host0: ata_piix
[    1.319120] scsi host1: ata_piix
[    1.319949] ata1: PATA max UDMA/33 cmd 0x1f0 ctl 0x3f6 bmdma 0xd000 irq 14
[    1.322192] ata2: PATA max UDMA/33 cmd 0x170 ctl 0x376 bmdma 0xd008 irq 15
[    1.324091] libphy: Fixed MDIO Bus: probed
[    1.325098] tun: Universal TUN/TAP device driver, 1.6
[    1.326365] PPP generic driver version 2.4.2
[    1.327749] ehci_hcd: USB 2.0 'Enhanced' Host Controller (EHCI) Driver
[    1.329345] ehci-pci: EHCI PCI platform driver
[    1.330481] ehci-platform: EHCI generic platform driver
[    1.331775] ohci_hcd: USB 1.1 'Open' Host Controller (OHCI) Driver
[    1.333167] ohci-pci: OHCI PCI platform driver
[    1.334180] ohci-platform: OHCI generic platform driver
[    1.335617] uhci_hcd: USB Universal Host Controller Interface driver
[    1.337227] i8042: PNP: PS/2 Controller [PNP0303:PS2K,PNP0f03:PS2M] at 0x60,0x64 irq 1,12
[    1.339605] serio: i8042 KBD port at 0x60,0x64 irq 1
[    1.340872] serio: i8042 AUX port at 0x60,0x64 irq 12
[    1.342462] mousedev: PS/2 mouse device common for all mice
[    1.345061] rtc_cmos rtc_cmos: rtc core: registered rtc_cmos as rtc0
[    1.346697] rtc_cmos rtc_cmos: alarms up to one day, 114 bytes nvram
[    1.348276] input: AT Translated Set 2 keyboard as /devices/platform/i8042/serio0/input/input2
[    1.350207] i2c /dev entries driver
[    1.351354] device-mapper: uevent: version 1.0.3
[    1.353038] device-mapper: ioctl: 4.37.0-ioctl (2017-09-20) initialised: dm-devel@redhat.com
[    1.355070] ledtrig-cpu: registered to indicate activity on CPUs
[    1.356978] NET: Registered protocol family 10
[    1.362798] Segment Routing with IPv6
[    1.363773] NET: Registered protocol family 17
[    1.365140] Key type dns_resolver registered
[    1.366564] mce: Using 0 MCE banks
[    1.367379] RAS: Correctable Errors collector initialized.
[    1.369021] sched_clock: Marking stable (1369005769, 0)->(1609186337, -240180568)
[    1.371680] registered taskstats version 1
[    1.372860] Loading compiled-in X.509 certificates
[    1.376881] Loaded X.509 cert 'Build time autogenerated kernel key: de118354fe72448b469776565e76ac30c08e8db2'
[    1.379542] Loaded X.509 cert 'Canonical Ltd. Live Patch Signing: 14df34d1a87cf37625abec039ef2bf521249b969'
[    1.382354] Loaded X.509 cert 'Canonical Ltd. Kernel Module Signing: 88f752e560a1e0737e31163a466ad7b70a850c19'
[    1.384652] zswap: loaded using pool lzo/zbud
[    1.389092] Key type big_key registered
[    1.389988] Key type trusted registered
[    1.392463] Key type encrypted registered
[    1.393604] AppArmor: AppArmor sha1 policy hashing enabled
[    1.394900] ima: No TPM chip found, activating TPM-bypass! (rc=-19)
[    1.396469] ima: Allocated hash algorithm: sha1
[    1.397761] evm: HMAC attrs: 0x1
[    1.398763]   Magic number: 5:48:749
[    1.399611] tty ttyS0: hash matches
[    1.400779] rtc_cmos rtc_cmos: setting system clock to 2021-05-18 19:43:05 UTC (1621366985)
[    1.403080] BIOS EDD facility v0.16 2004-Jun-25, 0 devices found
[    1.404546] EDD information not available.
[    1.526755] Freeing unused kernel image memory: 2444K
[    1.536228] Write protecting the kernel read-only data: 20480k
[    1.539659] Freeing unused kernel image memory: 2008K
[    1.542418] Freeing unused kernel image memory: 1828K
[    1.560433] x86/mm: Checked W+X mappings: passed, no W+X pages found.
[    1.561977] x86/mm: Checking user space page tables
[    1.573896] x86/mm: Checked W+X mappings: passed, no W+X pages found.
Loading, please wait...
starting version 237
[    1.655514] e1000: Intel(R) PRO/1000 Network Driver - version 7.3.21-k8-NAPI
[    1.657368] e1000: Copyright (c) 1999-2006 Intel Corporation.
[    1.680830] Fusion MPT base driver 3.04.20
[    1.681946] Copyright (c) 1999-2008 LSI Corporation
[    1.689652] AVX2 version of gcm_enc/dec engaged.
[    1.690901] AES CTR mode by8 optimization enabled
[    1.699851] Fusion MPT SPI Host driver 3.04.20
[    1.869756] input: ImExPS/2 Generic Explorer Mouse as /devices/platform/i8042/serio1/input/input4
[    2.094931] e1000 0000:00:03.0 eth0: (PCI:33MHz:32-bit) 02:79:d1:66:99:96
[    2.096541] e1000 0000:00:03.0 eth0: Intel(R) PRO/1000 Network Connection
[    2.099444] mptbase: ioc0: Initiating bringup
[    2.101454] e1000 0000:00:03.0 enp0s3: renamed from eth0
[    2.201205] ioc0: LSI53C1030 A0: Capabilities={Initiator}
[    2.447374] scsi host2: ioc0: LSI53C1030 A0, FwRev=00000000h, Ports=1, MaxQ=256, IRQ=20
[    2.618321] scsi 2:0:0:0: Direct-Access     VBOX     HARDDISK         1.0  PQ: 0 ANSI: 5
[    2.835353] scsi target2:0:0: Beginning Domain Validation
[    2.840208] scsi target2:0:0: Domain Validation skipping write tests
[    2.842332] scsi target2:0:0: Ending Domain Validation
[    2.844177] scsi target2:0:0: asynchronous
[    2.846257] scsi 2:0:1:0: Direct-Access     VBOX     HARDDISK         1.0  PQ: 0 ANSI: 5
[    3.293709] scsi target2:0:1: Beginning Domain Validation
[    3.296126] random: fast init done
[    3.298703] scsi target2:0:1: Domain Validation skipping write tests
[    3.300756] scsi target2:0:1: Ending Domain Validation
[    3.303263] scsi target2:0:1: asynchronous
[    3.310213] random: systemd-udevd: uninitialized urandom read (16 bytes read)
[    3.312651] random: systemd-udevd: uninitialized urandom read (16 bytes read)
[    3.314623] random: systemd-udevd: uninitialized urandom read (16 bytes read)
[    3.316859] sd 2:0:0:0: Attached scsi generic sg0 type 0
[    3.319639] sd 2:0:0:0: [sda] 83886080 512-byte logical blocks: (42.9 GB/40.0 GiB)
[    3.320319] sd 2:0:1:0: Attached scsi generic sg1 type 0
[    3.324254] sd 2:0:0:0: [sda] Write Protect is off
[    3.326121] sd 2:0:1:0: [sdb] 20480 512-byte logical blocks: (10.5 MB/10.0 MiB)
[    3.329483] sd 2:0:0:0: [sda] Incomplete mode parameter data
[    3.331012] sd 2:0:0:0: [sda] Assuming drive cache: write through
[    3.331067] sd 2:0:1:0: [sdb] Write Protect is off
[    3.334395] sd 2:0:1:0: [sdb] Incomplete mode parameter data
[    3.335891] sd 2:0:1:0: [sdb] Assuming drive cache: write through
[    3.347329]  sda: sda1
[    3.349886] sd 2:0:0:0: [sda] Attached SCSI disk
[    3.370305] sd 2:0:1:0: [sdb] Attached SCSI disk
Begin: Loading essential drivers ... [    5.092164] raid6: sse2x1   gen() 10498 MB/s
[    5.140150] raid6: sse2x1   xor()  7959 MB/s
[    5.188086] raid6: sse2x2   gen() 12487 MB/s
[    5.236113] raid6: sse2x2   xor()  8745 MB/s
[    5.284106] raid6: sse2x4   gen() 14629 MB/s
[    5.332096] raid6: sse2x4   xor()  9437 MB/s
[    5.380053] raid6: avx2x1   gen() 21868 MB/s
[    5.428084] raid6: avx2x1   xor() 15474 MB/s
[    5.476118] raid6: avx2x2   gen() 24106 MB/s
[    5.524077] raid6: avx2x2   xor() 16712 MB/s
[    5.572123] raid6: avx2x4   gen() 29941 MB/s
[    5.620090] raid6: avx2x4   xor() 18213 MB/s
[    5.621155] raid6: using algorithm avx2x4 gen() 29941 MB/s
[    5.622445] raid6: .... xor() 18213 MB/s, rmw enabled
[    5.623633] raid6: using avx2x2 recovery algorithm
[    5.626104] xor: automatically using best checksumming function   avx       
[    5.628773] async_tx: api initialized (async)
done.
Begin: Running /scripts/init-premount ... done.
Begin: Mounting root file system ... Begin: Running /scripts/local-top ... done.
Begin: Running /scripts/local-premount ... [    5.680091] Btrfs loaded, crc32c=crc32c-intel
Scanning for Btrfs filesystems
done.
Warning: fsck not present, so skipping root file system
[    5.858745] EXT4-fs (sda1): mounted filesystem with ordered data mode. Opts: (null)
done.
Begin: Running /scripts/local-bottom ... done.
Begin: Running /scripts/init-bottom ... done.
[    6.753269] ip_tables: (C) 2000-2006 Netfilter Core Team
[    6.870567] systemd[1]: systemd 237 running in system mode. (+PAM +AUDIT +SELINUX +IMA +APPARMOR +SMACK +SYSVINIT +UTMP +LIBCRYPTSETUP +GCRYPT +GNUTLS +ACL +XZ +LZ4 +SECCOMP +BLKID +ELFUTILS +KMOD -IDN2 +IDN -PCRE2 default-hierarchy=hybrid)
[    6.881642] systemd[1]: Detected virtualization oracle.
[    6.884611] systemd[1]: Detected architecture x86-64.

Welcome to [1mUbuntu 18.04.5 LTS[0m!

[    6.942633] systemd[1]: Set hostname to <ubuntu>.
[    7.008967] systemd[1]: Initializing machine ID from random generator.
[    7.012178] systemd[1]: Installed transient /etc/machine-id file.
[    7.368910] random: crng init done
[    7.372363] random: 7 urandom warning(s) missed due to ratelimiting
[    8.455213] systemd[1]: Created slice User and Session Slice.
[[0;32m  OK  [0m] Created slice User and Session Slice.
[    8.457439] systemd[1]: Created slice System Slice.
[[0;32m  OK  [0m] Created slice System Slice.
[    8.459338] systemd[1]: Listening on Network Service Netlink Socket.
[[0;32m  OK  [0m] Listening on Network Service Netlink Socket.
[    8.461316] systemd[1]: Listening on udev Kernel Socket.
[[0;32m  OK  [0m] Listening on udev Kernel Socket.
[[0;32m  OK  [0m] Listening on Device-mapper event daemon FIFOs.
[[0;32m  OK  [0m] Listening on LVM2 poll daemon socket.
[[0;32m  OK  [0m] Listening on Journal Audit Socket.
[[0;32m  OK  [0m] Reached target Slices.
[[0;32m  OK  [0m] Reached target Swap.
[[0;32m  OK  [0m] Listening on udev Control Socket.
[[0;32m  OK  [0m] Listening on /dev/initctl Compatibility Named Pipe.
[[0;32m  OK  [0m] Reached target User and Group Name Lookups.
[[0;32m  OK  [0m] Reached target System Time Synchronized.
[[0;32m  OK  [0m] Listening on LVM2 metadata daemon socket.
[[0;32m  OK  [0m] Listening on Journal Socket (/dev/log).
[[0;32m  OK  [0m] Listening on Journal Socket.
         Mounting Kernel Debug File System...
         Starting Monitoring of LVM2 mirrorsâ€¦ng dmeventd or progress polling...
         Starting Load Kernel Modules...
         Mounting Huge Pages File System...
         Starting Create list of required stâ€¦ce nodes for the current kernel...
[[0;32m  OK  [0m] Created slice system-serial\x2dgetty.slice.
[[0;32m  OK  [0m] Listening on fsck to fsckd communication Socket.
         Starting File System Check on Root Device...
[[0;32m  OK  [0m] Listening on Syslog Socket.
         Starting Journal Service...
         Starting Set the console keyboard layout...
[[0;32m  OK  [0m] Set up automount Arbitrary Executabâ€¦rmats File System Automount Point.
         Mounting POSIX Message Queue File System...
[[0;32m  OK  [0m] Started Forward Password Requests to Wall Directory Watch.
         Starting Uncomplicated firewall...
         Starting udev Coldplug all Devices...
[[0;32m  OK  [0m] Started Journal Service.
[    8.810742] Loading iSCSI transport class v2.0-870.
[[0;32m  OK  [0m] Mounted Kernel Debug File System.
[[0;32m  OK  [0m] Mounted Huge Pages File System.
[[0;32m  OK  [0m] Started Create list of required staâ€¦vice nodes for the current kernel.
[[0;32m  OK  [0m] Mounted POSIX Message Queue File System.
[[0;32m  OK  [0m] Started File System Check Daemon to report status.
[[0;32m  OK  [0m] Started LVM2 metadata daemon.
         Starting Create Static Device Nodes in /dev...
[[0;32m  OK  [0m] Started Uncomplicated firewall.
[[0;32m  OK  [0m] Started udev Coldplug all Devices.
[    8.966203] iscsi: registered transport (tcp)
[    9.241564] iscsi: registered transport (iser)
[[0;32m  OK  [0m] Started Load Kernel Modules.
         Mounting Kernel Configuration File System...
         Starting Apply Kernel Variables...
         Mounting FUSE Control File System...
[[0;32m  OK  [0m] Mounted Kernel Configuration File System.
[[0;32m  OK  [0m] Mounted FUSE Control File System.
[[0;32m  OK  [0m] Started File System Check on Root Device.
         Starting Remount Root and Kernel File Systems...
[[0;32m  OK  [0m] Started Create Static Device Nodes in /dev.
[[0;32m  OK  [0m] Started Set the console keyboard layout.
[[0;32m  OK  [0m] Started Apply Kernel Variables.
[[0;32m  OK  [0m] Started Remount Root and Kernel File Systems.
         Starting Load/Save Random Seed...
         Starting udev Kernel Device Manager...
         Starting Flush Journal to Persistent Storage...
[[0;32m  OK  [0m] Started Monitoring of LVM2 mirrors,â€¦sing dmeventd or progress polling.
[[0;32m  OK  [0m] Reached target Local File Systems (Pre).
[[0;32m  OK  [0m] Reached target Local File Systems.
         Starting Set console font and keymap...
         Starting ebtables ruleset management...
         Starting AppArmor initialization...
         Starting Tell Plymouth To Write Out Runtime Data...
         Starting Commit a transient machine-id on disk...
[[0;32m  OK  [0m] Started Load/Save Random Seed.
[[0;32m  OK  [0m] Started Set console font and keymap.
[[0;32m  OK  [0m] Started Tell Plymouth To Write Out Runtime Data.
[[0;32m  OK  [0m] Started udev Kernel Device Manager.
[[0;32m  OK  [0m] Started Dispatch Password Requests to Console Directory Watch.
[[0;32m  OK  [0m] Reached target Local Encrypted Volumes.
[[0;32m  OK  [0m] Started Commit a transient machine-id on disk.
[[0;32m  OK  [0m] Started Flush Journal to Persistent Storage.
         Starting Create Volatile Files and Directories...
[[0;32m  OK  [0m] Started Create Volatile Files and Directories.
         Starting Update UTMP about System Boot/Shutdown...
[[0;32m  OK  [0m] Started Update UTMP about System Boot/Shutdown.
[[0;32m  OK  [0m] Started ebtables ruleset management.
[[0;32m  OK  [0m] Found device /dev/ttyS0.
[[0;32m  OK  [0m] Listening on Load/Save RF Kill Switch Status /dev/rfkill Watch.
[[0;32m  OK  [0m] Started AppArmor initialization.
         Starting Load AppArmor profiles managed internally by snapd...
         Starting Initial cloud-init job (pre-networking)...
[[0;32m  OK  [0m] Started Load AppArmor profiles managed internally by snapd.
[   16.765155] cloud-init[564]: Cloud-init v. 21.1-19-gbad84ad4-0ubuntu1~18.04.2 running 'init-local' at Tue, 18 May 2021 19:43:19 +0000. Up 15.81 seconds.
[[0;32m  OK  [0m] Started Initial cloud-init job (pre-networking).
[[0;32m  OK  [0m] Reached target Network (Pre).
         Starting Network Service...
[[0;32m  OK  [0m] Started Network Service.
         Starting Network Name Resolution...
         Starting Wait for Network to be Configured...
[[0;32m  OK  [0m] Started Network Name Resolution.
[[0;32m  OK  [0m] Reached target Network.
[[0;32m  OK  [0m] Reached target Host and Network Name Lookups.
[[0;32m  OK  [0m] Started Wait for Network to be Configured.
         Starting Initial cloud-init job (metadata service crawler)...
[   19.730405] cloud-init[723]: Cloud-init v. 21.1-19-gbad84ad4-0ubuntu1~18.04.2 running 'init' at Tue, 18 May 2021 19:43:23 +0000. Up 19.36 seconds.
[   19.740433] cloud-init[723]: ci-info: ++++++++++++++++++++++++++++++++++++++Net device info++++++++++++++++++++++++++++++++++++++
[   19.742467] cloud-init[723]: ci-info: +--------+------+----------------------------+---------------+--------+-------------------+
[   19.744498] cloud-init[723]: ci-info: | Device |  Up  |          Address           |      Mask     | Scope  |     Hw-Address    |
[   19.746054] cloud-init[723]: ci-info: +--------+------+----------------------------+---------------+--------+-------------------+
[   19.748376] cloud-init[723]: ci-info: | enp0s3 | True |         10.0.2.15          | 255.255.255.0 | global | 02:79:d1:66:99:96 |
[   19.750410] cloud-init[723]: ci-info: | enp0s3 | True | fe80::79:d1ff:fe66:9996/64 |       .       |  link  | 02:79:d1:66:99:96 |
[   19.752631] cloud-init[723]: ci-info: |   lo   | True |         127.0.0.1          |   255.0.0.0   |  host  |         .         |
[   19.754684] cloud-init[723]: ci-info: |   lo   | True |          ::1/128           |       .       |  host  |         .         |
[   19.764855] cloud-init[723]: ci-info: +--------+------+----------------------------+---------------+--------+-------------------+
[   19.767061] cloud-init[723]: ci-info: ++++++++++++++++++++++++++++Route IPv4 info+++++++++++++++++++++++++++++
[   19.769220] cloud-init[723]: ci-info: +-------+-------------+----------+-----------------+-----------+-------+
[   19.780463] cloud-init[723]: ci-info: | Route | Destination | Gateway  |     Genmask     | Interface | Flags |
[   19.792346] cloud-init[723]: ci-info: +-------+-------------+----------+-----------------+-----------+-------+
[   19.793691] cloud-init[723]: ci-info: |   0   |   0.0.0.0   | 10.0.2.2 |     0.0.0.0     |   enp0s3  |   UG  |
[   19.795117] cloud-init[723]: ci-info: |   1   |   10.0.2.0  | 0.0.0.0  |  255.255.255.0  |   enp0s3  |   U   |
[   19.796484] cloud-init[723]: ci-info: |   2   |   10.0.2.2  | 0.0.0.0  | 255.255.255.255 |   enp0s3  |   UH  |
[   19.808515] cloud-init[723]: ci-info: +-------+-------------+----------+-----------------+-----------+-------+
[   19.810191] cloud-init[723]: ci-info: +++++++++++++++++++Route IPv6 info+++++++++++++++++++
[   19.811768] cloud-init[723]: ci-info: +-------+-------------+---------+-----------+-------+
[   19.813154] cloud-init[723]: ci-info: | Route | Destination | Gateway | Interface | Flags |
[   19.814636] cloud-init[723]: ci-info: +-------+-------------+---------+-----------+-------+
[   19.816412] cloud-init[723]: ci-info: |   1   |  fe80::/64  |    ::   |   enp0s3  |   U   |
[   19.817944] cloud-init[723]: ci-info: |   3   |    local    |    ::   |   enp0s3  |   U   |
[   19.828250] cloud-init[723]: ci-info: |   4   |   ff00::/8  |    ::   |   enp0s3  |   U   |
[   19.829602] cloud-init[723]: ci-info: +-------+-------------+---------+-----------+-------+
[   22.006893] cloud-init[723]: Generating public/private rsa key pair.
[   22.008644] cloud-init[723]: Your identification has been saved in /etc/ssh/ssh_host_rsa_key.
[   22.020396] cloud-init[723]: Your public key has been saved in /etc/ssh/ssh_host_rsa_key.pub.
[   22.022481] cloud-init[723]: The key fingerprint is:
[   22.023566] cloud-init[723]: SHA256:HlCgzUuBS5eEA38O38URE6dVKMliHEzlItIhIG8X1IU root@ubuntu-bionic
[   22.036343] cloud-init[723]: The key's randomart image is:
[   22.048529] cloud-init[723]: +---[RSA 2048]----+
[   22.060490] cloud-init[723]: |. o++==O=+*+oo.  |
[   22.061662] cloud-init[723]: | o .=BE+=o+*.    |
[   22.072234] cloud-init[723]: |  o.*+O...=.     |
[   22.084223] cloud-init[723]: | . ..B = o       |
[   22.096313] cloud-init[723]: |      + S        |
[   22.100372] cloud-init[723]: |       . .       |
[   22.101649] cloud-init[723]: |        .        |
[   22.103022] cloud-init[723]: |                 |
[   22.104405] [[0;32m  OK  [0m] Started Initial cloud-init job (metadata service crawler).
[[0;32m  OK  [0m] Reached target System Initialization.
[[0;32m  OK  [0m] Started Message of the Day.
[[0;32m  OK  [0m] Listening on ACPID Listen Socket.
[[0;32m  OK  [0m] Started Discard unused blocks once a week.
[[0;32m  OK  [0m] Started Daily Cleanup of Temporary Directories.
[[0;32m  OK  [0m] Listening on UUID daemon activation socket.
[[0;32m  OK  [0m] Started ACPI Events Check.
[[0;32m  OK  [0m] Reached target Paths.
cloud-init[723]: |                 |
[[0;32m  OK  [0m] Started Daily apt download activities.
[[0;32m  OK  [0m] Listening on D-Bus System Message Bus Socket.
[   22.116146] cloud-init[723]: +----[SHA256]-----+
[   22.117477] cloud-init[723]: Generating public/private dsa key pair.
[   22.119249] cloud-init[723]: Your identification has been saved in /etc/ssh/ssh_host_dsa_key.
[   22.121126] cloud-init[723]: Your public key has been saved in /etc/ssh/ssh_host_dsa_key.pub.
[   22.122595] cloud-init[723]: The key fingerprint is:
         Starting LXD - unix socket.
[   22.132604] cloud-init[723]: SHA256:ck7X7M5mM13f3ax45ljTFveD5txHs5VxBcm6M8eCz3E root@ubuntu-bionic
[   22.146427] cloud-init[723]: The key's randomart image is:
[   22.147137]          Starting Socket activation for snappy daemon.
cloud-init[723]: +---[DSA 1024]----+
[[0;32m  OK  [0m] Started Daily apt upgrade and clean activities.
[   22.147712] [[0;32m  OK  [0m] Listening on Open-iSCSI iscsid Socket.
[[0;32m  OK  [0m] Started Ubuntu Advantage update messaging.
[[0;32m  OK  [0m] Reached target Timers.
[[0;32m  OK  [0m] Reached target Network is Online.
cloud-init[723]: |             ..o |
[   22.150805] cloud-init[723]: |              o .|
[   22.151260] cloud-init[723]: |             .  .|
[   22.151873] cloud-init[723]: |           o.  ..|
[   22.153364] cloud-init[723]: |      . S ..oo .=|
[   22.154737] cloud-init[723]: |       = ...* E+B|
[   22.156266] cloud-init[723]: |        .  o.@o=%|
[   22.157440] cloud-init[723]: |           o@+=+O|
[   22.158811] cloud-init[723]: |           o=Ooo.|
         Starting Availability of block devices...
[[0;32m  OK  [0m] Reached target Remote File Systems (Pre).
[[0;32m  OK  [0m] Reached target Remote File Systems.
[[0;32m  OK  [0m] Reached target Cloud-config availability.
[[0;32m  OK  [0m] Listening on LXD - unix socket.
[[0;32m  OK  [0m] Listening on Socket activation for snappy daemon.
[[0;32m  OK  [0m] Reached target Sockets.
[[0;32m  OK  [0m] Reached target Basic System.
[   22.170731] cloud-init[723]: +----[SHA256]-----+
[   22.174099] cloud-init[723]: Generating public/private ecdsa key pair.
[   22.175701] cloud-init[723]: Your identification has been saved in /etc/ssh/ssh_host_ecdsa_key.
[   22.178004] cloud-init[723]: Your public key has been saved in /etc/ssh/ssh_host_ecdsa_key.pub.
[   22.180338] cloud-init[723]: The key fingerprint is:
[   22.181945] cloud-init[723]: SHA256:YMBKx4AlHsxiB9rlLxGO513VgkkpbPonzv9czbB8NLE root@ubuntu-bionic
[   22.184957] cloud-init[723]: The key's randomart image is:
[   22.186479] cloud-init[723]: +---[ECDSA 256]---+
[   22.187949] cloud-init[723]: |+=+++. ..+..     |
[   22.189996] cloud-init[723]: |=*o*+o+ +.. .    |
[   22.191030] cloud-init[723]: |+o+o=oo..  .  .  |
         Starting Dispatcher daemon for systemd-networkd...
[   22.205337] cloud-init[723]: |  .o.= o       o |
[   22.218118] cloud-init[723]: [[0;32m  OK  [0m] Started Regular background program processing daemon.
         Starting LSB: Record successful boot for GRUB...
|    o.o S   . E  |[[0;32m  OK  [0m] Started Deferred execution scheduler.

[   22.226915] cloud-init[723]: |     .o .  . * . |
         Starting Accounts Service...
[[0;32m  OK  [0m] Started D-Bus System Message Bus.
[   22.234622] cloud-init[723]: |     o o    + +  |
[   22.240895] cloud-init[723]: |      o  . . .   |
[   22.246104] cloud-init[723]: |       ...o      |
[   22.246951] cloud-init[723]: +----[SHA256]-----+
[   22.250811] cloud-init[723]: Generating public/private ed25519 key pair.
[   22.252821] cloud-init[723]: Your identification has been saved in /etc/ssh/ssh_host_ed25519_key.
[   22.256562] cloud-init[723]: Your public key has been saved in /etc/ssh/ssh_host_ed25519_key.pub.
[   22.261528] cloud-init[723]: The key fingerprint is:
[   22.262831] cloud-init[723]: SHA256:bLZNLD0OdHDEKneTV4ocyV9l8EfT0+yOKgD9Q9e35KA root@ubuntu-bionic
[   22.267700] cloud-init[723]: The key's randomart image is:
[   22.273101] cloud-init[723]: +--[ED25519 256]--+
[   22.274620] cloud-init[723]: |        .+o.  .=*|
[   22.276331] cloud-init[723]: |         o=   o==|
[   22.279663] cloud-init[723]: |       ..o.= = .+|
[   22.281418] cloud-init[723]: |      oo++B =...+|
[   22.284916] cloud-init[723]: |       +S+=+. ++.|
[   22.285981] cloud-init[723]: |       o.BoE  .o.|
[   22.287263] cloud-init[723]: |        ..o. .   |
[   22.288701] cloud-init[723]: |          . .    |
[   22.290629] cloud-init[723]: |           .     |
[   22.292493] cloud-init[723]: +----[SHA256]-----+
         Starting LSB: automatic crash report generation...
[[0;32m  OK  [0m] Started FUSE filesystem for LXC.
         Starting Virtualbox guest utils...
         Starting Pollinate to seed the pseudo random number generator...
         Starting Login Service...
         Starting Permit User Sessions...
         Starting Snap Daemon...
[[0;32m  OK  [0m] Started irqbalance daemon.
         Starting System Logging Service...
         Starting LXD - container startup/shutdown...
[[0;32m  OK  [0m] Started Availability of block devices.
[[0;32m  OK  [0m] Started Permit User Sessions.
[[0;32m  OK  [0m] Started Login Service.
[[0;32m  OK  [0m] Started Unattended Upgrades Shutdown.
         Starting Terminate Plymouth Boot Screen...
         Starting Hold until boot process finishes up...
[[0;32m  OK  [0m] Started Terminate Plymouth Boot Screen.
[[0;32m  OK  [0m] Started Hold until boot process finishes up.
         Starting Set console scheme...
[[0;32m  OK  [0m] Started Serial Getty on ttyS0.
         Starting Authorization Manager...
[[0;32m  OK  [0m] Started Set console scheme.
[[0;32m  OK  [0m] Created slice system-getty.slice.
[[0;32m  OK  [0m] Started Getty on tty1.
[[0;32m  OK  [0m] Reached target Login Prompts.
[[0;32m  OK  [0m] Started LSB: automatic crash report generation.
[[0;32m  OK  [0m] Started Authorization Manager.
[[0;32m  OK  [0m] Started Accounts Service.
[[0;32m  OK  [0m] Started System Logging Service.
[[0;32m  OK  [0m] Started LSB: Record successful boot for GRUB.
[[0;32m  OK  [0m] Started Virtualbox guest utils.
[[0;32m  OK  [0m] Started Dispatcher daemon for systemd-networkd.
[[0;32m  OK  [0m] Started LXD - container startup/shutdown.
[[0;32m  OK  [0m] Started Snap Daemon.
         Starting Wait until snapd is fully seeded...
[[0;32m  OK  [0m] Started Pollinate to seed the pseudo random number generator.
         Starting OpenBSD Secure Shell server...
[[0;32m  OK  [0m] Started OpenBSD Secure Shell server.
[[0;32m  OK  [0m] Created slice User Slice of vagrant.
         Starting User Manager for UID 1000...
[[0;32m  OK  [0m] Started Session 1 of user vagrant.
[[0;32m  OK  [0m] Started User Manager for UID 1000.

Ubuntu 18.04.5 LTS ubuntu-bionic ttyS0

ubuntu-bionic login: [   32.474459] cloud-init[1382]: Cloud-init v. 21.1-19-gbad84ad4-0ubuntu1~18.04.2 running 'modules:config' at Tue, 18 May 2021 19:43:33 +0000. Up 29.83 seconds.
ci-info: no authorized SSH keys fingerprints found for user ubuntu.
<14>May 18 19:43:37 ec2: 
<14>May 18 19:43:37 ec2: #############################################################
<14>May 18 19:43:37 ec2: -----BEGIN SSH HOST KEY FINGERPRINTS-----
<14>May 18 19:43:37 ec2: 1024 SHA256:ck7X7M5mM13f3ax45ljTFveD5txHs5VxBcm6M8eCz3E root@ubuntu-bionic (DSA)
<14>May 18 19:43:37 ec2: 256 SHA256:YMBKx4AlHsxiB9rlLxGO513VgkkpbPonzv9czbB8NLE root@ubuntu-bionic (ECDSA)
<14>May 18 19:43:37 ec2: 256 SHA256:bLZNLD0OdHDEKneTV4ocyV9l8EfT0+yOKgD9Q9e35KA root@ubuntu-bionic (ED25519)
<14>May 18 19:43:37 ec2: 2048 SHA256:HlCgzUuBS5eEA38O38URE6dVKMliHEzlItIhIG8X1IU root@ubuntu-bionic (RSA)
<14>May 18 19:43:37 ec2: -----END SSH HOST KEY FINGERPRINTS-----
<14>May 18 19:43:37 ec2: #############################################################
-----BEGIN SSH HOST KEY KEYS-----
ecdsa-sha2-nistp256 AAAAE2VjZHNhLXNoYTItbmlzdHAyNTYAAAAIbmlzdHAyNTYAAABBBEVmABOeFYNa1cPqZv18arSAKyNhsy7HdZunxCRJ2Wx62VkcOF9uIxdjEnXNP7OCljE2HuR68ubEacrw5necGqQ= root@ubuntu-bionic
ssh-ed25519 AAAAC3NzaC1lZDI1NTE5AAAAIEYq60zPOO4Av/aHVu5alG6cJaQST+lI0yTWgCrbAcvi root@ubuntu-bionic
ssh-rsa AAAAB3NzaC1yc2EAAAADAQABAAABAQDvrwHKdeRec52uUIM0i0f6XWAC6v/pnkEFvMcILkhUL3Zq8w94ioY6OPyVo16kCzAqasd6THo1mGgDV2Pic6txkEWM/ORS57B2GqR8YN5yOfwvrfVcIQxq9bapqFexiHlFu4gSBQfxIUsjOCPd0FFxqaDyq6xnnZa7ZT7kDSNmXFqUmhiFWqODXaoglcgLN3l0NNrZox2sk5x52thKjyH9Qnxu8+4/qZ81eK28/thLfx/qhUb8llv/YLZ237DBbAj9Y07zFvpqOpiZ+AqNN8MTSO9s1pZCXDP/gbu4Ahd+uXo9hugGwx7MRc7ZAhzI89M/f7lkYxYPoOiHFl1lhsOj root@ubuntu-bionic
-----END SSH HOST KEY KEYS-----
[   33.495468] cloud-init[1526]: Cloud-init v. 21.1-19-gbad84ad4-0ubuntu1~18.04.2 running 'modules:final' at Tue, 18 May 2021 19:43:37 +0000. Up 33.19 seconds.
[   33.495552] cloud-init[1526]: ci-info: no authorized SSH keys fingerprints found for user ubuntu.
[   33.495601] cloud-init[1526]: Cloud-init v. 21.1-19-gbad84ad4-0ubuntu1~18.04.2 finished at Tue, 18 May 2021 19:43:37 +0000. Datasource DataSourceNoCloud [seed=/dev/sdb][dsmode=net].  Up 33.48 seconds
